› Building app...

C:\Users\winne\Desktop\daeun\fishlog\fishlog_fe\android>if "Windows_NT" == "Windows_NT" setlocal

C:\Users\winne\Desktop\daeun\fishlog\fishlog_fe\android>set DIRNAME=C:\Users\winne\Desktop\daeun\fishlog\fishlog_fe\android\ 

C:\Users\winne\Desktop\daeun\fishlog\fishlog_fe\android>if "C:\Users\winne\Desktop\daeun\fishlog\fishlog_fe\android\" == "" set DIRNAME=. 

C:\Users\winne\Desktop\daeun\fishlog\fishlog_fe\android>set APP_BASE_NAME=gradlew 

C:\Users\winne\Desktop\daeun\fishlog\fishlog_fe\android>set APP_HOME=C:\Users\winne\Desktop\daeun\fishlog\fishlog_fe\android\ 

C:\Users\winne\Desktop\daeun\fishlog\fishlog_fe\android>for %i in ("C:\Users\winne\Desktop\daeun\fishlog\fishlog_fe\android\") do set APP_HOME=%~fi 

C:\Users\winne\Desktop\daeun\fishlog\fishlog_fe\android>set APP_HOME=C:\Users\winne\Desktop\daeun\fishlog\fishlog_fe\android\ 

C:\Users\winne\Desktop\daeun\fishlog\fishlog_fe\android>set DEFAULT_JVM_OPTS="-Xmx64m" "-Xms64m" 

C:\Users\winne\Desktop\daeun\fishlog\fishlog_fe\android>if defined JAVA_HOME goto findJavaFromJavaHome 

C:\Users\winne\Desktop\daeun\fishlog\fishlog_fe\android>set JAVA_HOME=C:\Program Files\Java\jdk-17 

C:\Users\winne\Desktop\daeun\fishlog\fishlog_fe\android>set JAVA_EXE=C:\Program Files\Java\jdk-17/bin/java.exe 

C:\Users\winne\Desktop\daeun\fishlog\fishlog_fe\android>if exist "C:\Program Files\Java\jdk-17/bin/java.exe" goto execute 

C:\Users\winne\Desktop\daeun\fishlog\fishlog_fe\android>"C:\Program Files\Java\jdk-17/bin/java.exe" "-Xmx64m" "-Xms64m"   "-Dorg.gradle.appname=gradlew" -jar "C:\Users\winne\Desktop\daeun\fishlog\fishlog_fe\android\\gradle\wrapper\gradle-wrapper.jar" "app:assembleDebug" "-x" "lint" "-x" "test" "--configure-on-demand" "--build-cache" "-PreactNativeDevServerPort=8081" "-PreactNativeArchitectures=arm64-v8a" 
Configuration on demand is an incubating feature.
> Task :expo-gradle-plugin:expo-autolinking-settings-plugin:checkKotlinGradlePluginConfigurationErrors SKIPPED
> Task :gradle-plugin:shared:checkKotlinGradlePluginConfigurationErrors SKIPPED
> Task :gradle-plugin:settings-plugin:checkKotlinGradlePluginConfigurationErrors SKIPPED
> Task :expo-gradle-plugin:expo-autolinking-plugin-shared:checkKotlinGradlePluginConfigurationErrors SKIPPED
> Task :gradle-plugin:settings-plugin:pluginDescriptors UP-TO-DATE
> Task :expo-gradle-plugin:expo-autolinking-settings-plugin:pluginDescriptors UP-TO-DATE
> Task :gradle-plugin:settings-plugin:processResources UP-TO-DATE
> Task :expo-gradle-plugin:expo-autolinking-settings-plugin:processResources UP-TO-DATE
> Task :gradle-plugin:shared:compileKotlin UP-TO-DATE
> Task :expo-gradle-plugin:expo-autolinking-plugin-shared:compileKotlin UP-TO-DATE
> Task :gradle-plugin:shared:compileJava NO-SOURCE
> Task :expo-gradle-plugin:expo-autolinking-plugin-shared:compileJava NO-SOURCE
> Task :gradle-plugin:shared:processResources NO-SOURCE
> Task :gradle-plugin:shared:classes UP-TO-DATE
> Task :expo-gradle-plugin:expo-autolinking-plugin-shared:processResources NO-SOURCE
> Task :expo-gradle-plugin:expo-autolinking-plugin-shared:classes UP-TO-DATE
> Task :gradle-plugin:shared:jar UP-TO-DATE
> Task :expo-gradle-plugin:expo-autolinking-plugin-shared:jar UP-TO-DATE
> Task :gradle-plugin:settings-plugin:compileKotlin UP-TO-DATE
> Task :gradle-plugin:settings-plugin:compileJava NO-SOURCE
> Task :gradle-plugin:settings-plugin:classes UP-TO-DATE
> Task :gradle-plugin:settings-plugin:jar UP-TO-DATE
> Task :expo-gradle-plugin:expo-autolinking-settings-plugin:compileKotlin UP-TO-DATE
> Task :expo-gradle-plugin:expo-autolinking-settings-plugin:compileJava NO-SOURCE
> Task :expo-gradle-plugin:expo-autolinking-settings-plugin:classes UP-TO-DATE
> Task :expo-gradle-plugin:expo-autolinking-settings-plugin:jar UP-TO-DATE
> Task :expo-gradle-plugin:expo-max-sdk-override-plugin:checkKotlinGradlePluginConfigurationErrors SKIPPED
> Task :expo-gradle-plugin:expo-autolinking-plugin:checkKotlinGradlePluginConfigurationErrors SKIPPED
> Task :gradle-plugin:react-native-gradle-plugin:checkKotlinGradlePluginConfigurationErrors SKIPPED
> Task :expo-module-gradle-plugin:checkKotlinGradlePluginConfigurationErrors SKIPPED
> Task :expo-module-gradle-plugin:pluginDescriptors UP-TO-DATE
> Task :expo-module-gradle-plugin:processResources UP-TO-DATE
> Task :expo-gradle-plugin:expo-autolinking-plugin:compileKotlin UP-TO-DATE
> Task :gradle-plugin:react-native-gradle-plugin:compileKotlin UP-TO-DATE
> Task :expo-gradle-plugin:expo-max-sdk-override-plugin:compileKotlin UP-TO-DATE
> Task :expo-gradle-plugin:expo-autolinking-plugin:compileJava NO-SOURCE
> Task :gradle-plugin:react-native-gradle-plugin:compileJava NO-SOURCE
> Task :expo-gradle-plugin:expo-max-sdk-override-plugin:compileJava NO-SOURCE
> Task :gradle-plugin:react-native-gradle-plugin:pluginDescriptors UP-TO-DATE
> Task :expo-gradle-plugin:expo-max-sdk-override-plugin:pluginDescriptors UP-TO-DATE
> Task :expo-gradle-plugin:expo-autolinking-plugin:pluginDescriptors UP-TO-DATE
> Task :expo-gradle-plugin:expo-autolinking-plugin:processResources UP-TO-DATE
> Task :expo-gradle-plugin:expo-autolinking-plugin:classes UP-TO-DATE
> Task :gradle-plugin:react-native-gradle-plugin:processResources UP-TO-DATE
> Task :expo-gradle-plugin:expo-max-sdk-override-plugin:processResources UP-TO-DATE
> Task :expo-gradle-plugin:expo-max-sdk-override-plugin:classes UP-TO-DATE
> Task :gradle-plugin:react-native-gradle-plugin:classes UP-TO-DATE
> Task :expo-gradle-plugin:expo-autolinking-plugin:jar UP-TO-DATE
> Task :gradle-plugin:react-native-gradle-plugin:jar UP-TO-DATE
> Task :expo-gradle-plugin:expo-max-sdk-override-plugin:jar UP-TO-DATE
> Task :expo-module-gradle-plugin:compileKotlin UP-TO-DATE
> Task :expo-module-gradle-plugin:compileJava NO-SOURCE
> Task :expo-module-gradle-plugin:classes UP-TO-DATE
> Task :expo-module-gradle-plugin:jar UP-TO-DATE

> Configure project :app
 ??  [33mApplying gradle plugin[0m '[32mexpo-max-sdk-override-plugin[0m'
  [expo-max-sdk-override-plugin] This plugin will find all permissions declared with `android:maxSdkVersion`. If there exists a declaration with the `android:maxSdkVersion` annotation and another one without, the plugin will remove the annotation from the final merged manifest. In order to see a log with the changes run a clean build of the app.

> Configure project :
[32m[ExpoRootProject][0m Using the following versions:
  - buildTools:  [32m36.0.0[0m
  - minSdk:      [32m24[0m
  - compileSdk:  [32m36[0m
  - targetSdk:   [32m36[0m
  - ndk:         [32m27.1.12297006[0m
  - kotlin:      [32m2.1.20[0m
  - ksp:         [32m2.1.20-2.0.1[0m

> Configure project :expo-modules-core
Linking react-native-worklets native libs into expo-modules-core build tasks
task ':react-native-worklets:mergeDebugNativeLibs'
task ':react-native-worklets:mergeReleaseNativeLibs'

> Configure project :expo

Using expo modules
  - [32mexpo-log-box[0m (57.0.0)
  - [32mexpo-constants[0m (57.0.3)
  - [32mexpo-modules-core[0m (57.0.2)
  - [33m[?][0m [32mexpo-dom-webview[0m (57.0.0)
  - [33m[?][0m [32mexpo-ui[0m (57.0.3)
  - [33m[?][0m [32mexpo-asset[0m (57.0.3)
  - [33m[?][0m [32mexpo-device[0m (57.0.0)
  - [33m[?][0m [32mexpo-file-system[0m (57.0.0)
  - [33m[?][0m [32mexpo-font[0m (57.0.0)
  - [33m[?][0m [32mexpo-image[0m (57.0.0)
  - [33m[?][0m [32mexpo-image-loader[0m (57.0.1)
  - [33m[?][0m [32mexpo-image-picker[0m (57.0.13)
  - [33m[?][0m [32mexpo-keep-awake[0m (57.0.0)
  - [33m[?][0m [32mexpo-linear-gradient[0m (57.0.1)
  - [33m[?][0m [32mexpo-linking[0m (57.0.1)
  - [33m[?][0m [32mexpo-router[0m (57.0.3)
  - [33m[?][0m [32mexpo-secure-store[0m (57.0.1)
  - [33m[?][0m [32mexpo-splash-screen[0m (57.0.2)
  - [33m[?][0m [32mexpo-status-bar[0m (57.0.0)
  - [33m[?][0m [32mexpo-system-ui[0m (57.0.0)
  - [33m[?][0m [32mexpo-web-browser[0m (57.0.0)


> Task :react-native-masked-view_masked-view:preBuild UP-TO-DATE
> Task :expo:generatePackagesList UP-TO-DATE
> Task :react-native-masked-view_masked-view:preDebugBuild UP-TO-DATE
> Task :expo-modules-core:preBuild UP-TO-DATE
> Task :expo:preBuild UP-TO-DATE
> Task :expo-log-box:preBuild UP-TO-DATE
> Task :expo-modules-core:preDebugBuild UP-TO-DATE
> Task :expo:preDebugBuild UP-TO-DATE
> Task :expo-log-box:preDebugBuild UP-TO-DATE
> Task :react-native-masked-view_masked-view:writeDebugAarMetadata UP-TO-DATE
> Task :expo-modules-core:writeDebugAarMetadata UP-TO-DATE
> Task :react-native-gesture-handler:generateCodegenSchemaFromJavaScript UP-TO-DATE
> Task :react-native-safe-area-context:generateCodegenSchemaFromJavaScript UP-TO-DATE
> Task :expo:writeDebugAarMetadata UP-TO-DATE
> Task :expo-log-box:writeDebugAarMetadata UP-TO-DATE
> Task :app:generateAutolinkingNewArchitectureFiles UP-TO-DATE
> Task :react-native-screens:generateCodegenSchemaFromJavaScript UP-TO-DATE
> Task :react-native-masked-view_masked-view:generateDebugResValues UP-TO-DATE
> Task :expo-log-box:generateDebugResValues UP-TO-DATE
> Task :expo:generateDebugResValues UP-TO-DATE
> Task :expo-log-box:generateDebugResources UP-TO-DATE
> Task :expo-modules-core:generateDebugResValues UP-TO-DATE
> Task :react-native-masked-view_masked-view:generateDebugResources UP-TO-DATE
> Task :expo:generateDebugResources UP-TO-DATE
> Task :app:generateAutolinkingPackageList UP-TO-DATE
> Task :expo-modules-core:generateDebugResources UP-TO-DATE
> Task :expo-log-box:packageDebugResources UP-TO-DATE
> Task :app:generateCodegenSchemaFromJavaScript SKIPPED
> Task :expo-log-box:extractDeepLinksDebug UP-TO-DATE
> Task :react-native-masked-view_masked-view:packageDebugResources UP-TO-DATE
> Task :react-native-masked-view_masked-view:extractDeepLinksDebug UP-TO-DATE
> Task :app:generateCodegenArtifactsFromSchema SKIPPED
> Task :expo-log-box:processDebugManifest UP-TO-DATE
> Task :expo-log-box:compileDebugLibraryResources UP-TO-DATE
> Task :react-native-gesture-handler:generateCodegenArtifactsFromSchema UP-TO-DATE
> Task :react-native-screens:generateCodegenArtifactsFromSchema UP-TO-DATE
> Task :react-native-screens:preBuild UP-TO-DATE
> Task :expo:packageDebugResources UP-TO-DATE
> Task :react-native-screens:preDebugBuild UP-TO-DATE
> Task :react-native-gesture-handler:preBuild UP-TO-DATE
> Task :react-native-gesture-handler:preDebugBuild UP-TO-DATE
> Task :react-native-masked-view_masked-view:processDebugManifest UP-TO-DATE
> Task :react-native-safe-area-context:generateCodegenArtifactsFromSchema UP-TO-DATE
> Task :react-native-safe-area-context:preBuild UP-TO-DATE
> Task :react-native-safe-area-context:preDebugBuild UP-TO-DATE
> Task :app:generateReactNativeEntryPoint UP-TO-DATE
> Task :expo:extractDeepLinksDebug UP-TO-DATE
> Task :expo-log-box:parseDebugLocalResources UP-TO-DATE
> Task :react-native-gesture-handler:writeDebugAarMetadata UP-TO-DATE
> Task :app:preBuild UP-TO-DATE
> Task :app:preDebugBuild UP-TO-DATE
> Task :react-native-screens:writeDebugAarMetadata UP-TO-DATE
> Task :react-native-masked-view_masked-view:compileDebugLibraryResources UP-TO-DATE
> Task :app:mergeDebugNativeDebugMetadata NO-SOURCE
> Task :react-native-safe-area-context:writeDebugAarMetadata UP-TO-DATE
> Task :app:checkKotlinGradlePluginConfigurationErrors SKIPPED
> Task :expo-log-box:generateDebugRFile UP-TO-DATE
> Task :react-native-gesture-handler:generateDebugResValues UP-TO-DATE
> Task :expo-log-box:checkKotlinGradlePluginConfigurationErrors SKIPPED
> Task :expo:processDebugManifest UP-TO-DATE
> Task :app:generateDebugBuildConfig UP-TO-DATE
> Task :react-native-screens:generateDebugResValues UP-TO-DATE
> Task :react-native-masked-view_masked-view:parseDebugLocalResources UP-TO-DATE
> Task :app:generateDebugResValues UP-TO-DATE
> Task :expo-log-box:generateDebugBuildConfig UP-TO-DATE
> Task :react-native-gesture-handler:generateDebugResources UP-TO-DATE
> Task :react-native-safe-area-context:generateDebugResValues UP-TO-DATE
> Task :app:generateDebugResources UP-TO-DATE
> Task :expo-modules-core:packageDebugResources UP-TO-DATE
> Task :expo-log-box:javaPreCompileDebug UP-TO-DATE
> Task :expo:compileDebugLibraryResources UP-TO-DATE
> Task :react-native-masked-view_masked-view:generateDebugRFile UP-TO-DATE
> Task :expo-modules-core:extractDeepLinksDebug UP-TO-DATE
> Task :react-native-screens:generateDebugResources UP-TO-DATE
> Task :react-native-safe-area-context:generateDebugResources UP-TO-DATE
> Task :app:packageDebugResources UP-TO-DATE
> Task :expo-log-box:mergeDebugShaders UP-TO-DATE
> Task :expo:parseDebugLocalResources UP-TO-DATE
> Task :react-native-masked-view_masked-view:generateDebugBuildConfig UP-TO-DATE
> Task :expo-log-box:compileDebugShaders NO-SOURCE
> Task :expo-log-box:generateDebugAssets UP-TO-DATE
> Task :app:parseDebugLocalResources UP-TO-DATE
> Task :react-native-gesture-handler:packageDebugResources UP-TO-DATE
> Task :react-native-masked-view_masked-view:javaPreCompileDebug UP-TO-DATE
> Task :react-native-gesture-handler:extractDeepLinksDebug UP-TO-DATE
> Task :expo-modules-core:processDebugManifest UP-TO-DATE
> Task :expo:generateDebugRFile UP-TO-DATE
> Task :app:createDebugCompatibleScreenManifests UP-TO-DATE
> Task :expo:checkKotlinGradlePluginConfigurationErrors SKIPPED
> Task :expo-modules-core:compileDebugLibraryResources UP-TO-DATE
> Task :app:extractDeepLinksDebug UP-TO-DATE
> Task :react-native-screens:packageDebugResources UP-TO-DATE
> Task :expo-log-box:mergeDebugAssets UP-TO-DATE
> Task :app:javaPreCompileDebug UP-TO-DATE
> Task :expo:generateDebugBuildConfig UP-TO-DATE
> Task :react-native-safe-area-context:packageDebugResources UP-TO-DATE
> Task :react-native-gesture-handler:processDebugManifest UP-TO-DATE
> Task :react-native-screens:extractDeepLinksDebug UP-TO-DATE
> Task :react-native-safe-area-context:extractDeepLinksDebug UP-TO-DATE
> Task :app:mergeDebugShaders UP-TO-DATE
> Task :expo-log-box:mergeDebugJniLibFolders UP-TO-DATE
> Task :expo-modules-core:parseDebugLocalResources UP-TO-DATE
> Task :app:compileDebugShaders NO-SOURCE
> Task :react-native-gesture-handler:compileDebugLibraryResources UP-TO-DATE
> Task :expo-log-box:mergeDebugNativeLibs NO-SOURCE
> Task :expo:javaPreCompileDebug UP-TO-DATE
> Task :app:generateDebugAssets UP-TO-DATE
> Task :expo-log-box:copyDebugJniLibsProjectOnly UP-TO-DATE
> Task :expo:mergeDebugShaders UP-TO-DATE
> Task :react-native-gesture-handler:parseDebugLocalResources UP-TO-DATE
> Task :app:desugarDebugFileDependencies UP-TO-DATE
> Task :react-native-safe-area-context:processDebugManifest UP-TO-DATE
> Task :react-native-screens:processDebugManifest UP-TO-DATE
> Task :expo:compileDebugShaders NO-SOURCE
> Task :expo:generateDebugAssets UP-TO-DATE
> Task :react-native-gesture-handler:generateDebugRFile UP-TO-DATE
> Task :react-native-safe-area-context:compileDebugLibraryResources UP-TO-DATE
> Task :react-native-gesture-handler:checkKotlinGradlePluginConfigurationErrors SKIPPED
> Task :expo-modules-core:generateDebugRFile UP-TO-DATE
> Task :expo-modules-core:checkKotlinGradlePluginConfigurationErrors SKIPPED
> Task :expo:mergeDebugAssets UP-TO-DATE
> Task :react-native-safe-area-context:parseDebugLocalResources UP-TO-DATE
> Task :react-native-gesture-handler:generateDebugBuildConfig UP-TO-DATE
> Task :expo-modules-core:generateDebugBuildConfig UP-TO-DATE
> Task :react-native-screens:compileDebugLibraryResources UP-TO-DATE
> Task :expo-modules-core:javaPreCompileDebug UP-TO-DATE
> Task :react-native-gesture-handler:javaPreCompileDebug UP-TO-DATE
> Task :expo:mergeDebugJniLibFolders UP-TO-DATE
> Task :react-native-gesture-handler:mergeDebugShaders UP-TO-DATE
> Task :react-native-safe-area-context:generateDebugRFile UP-TO-DATE
> Task :react-native-screens:parseDebugLocalResources UP-TO-DATE
> Task :expo-modules-core:mergeDebugShaders UP-TO-DATE
> Task :react-native-safe-area-context:checkKotlinGradlePluginConfigurationErrors SKIPPED
> Task :expo-modules-core:compileDebugShaders NO-SOURCE
> Task :expo-modules-core:generateDebugAssets UP-TO-DATE
> Task :expo:mergeDebugNativeLibs NO-SOURCE
> Task :react-native-gesture-handler:compileDebugShaders NO-SOURCE
> Task :react-native-gesture-handler:generateDebugAssets UP-TO-DATE
> Task :expo:copyDebugJniLibsProjectOnly UP-TO-DATE
> Task :expo-modules-core:mergeDebugAssets UP-TO-DATE
> Task :expo-modules-core:mergeDebugJniLibFolders UP-TO-DATE
> Task :react-native-gesture-handler:mergeDebugAssets UP-TO-DATE
> Task :react-native-safe-area-context:generateDebugBuildConfig UP-TO-DATE
> Task :react-native-screens:generateDebugRFile UP-TO-DATE
> Task :react-native-screens:checkKotlinGradlePluginConfigurationErrors SKIPPED
> Task :react-native-gesture-handler:mergeDebugJniLibFolders UP-TO-DATE
> Task :react-native-screens:generateDebugBuildConfig UP-TO-DATE
> Task :react-native-masked-view_masked-view:compileDebugJavaWithJavac UP-TO-DATE
> Task :react-native-masked-view_masked-view:bundleLibCompileToJarDebug UP-TO-DATE
> Task :react-native-masked-view_masked-view:mergeDebugShaders UP-TO-DATE
> Task :react-native-masked-view_masked-view:compileDebugShaders NO-SOURCE
> Task :react-native-masked-view_masked-view:generateDebugAssets UP-TO-DATE
> Task :react-native-masked-view_masked-view:mergeDebugAssets UP-TO-DATE
> Task :react-native-masked-view_masked-view:bundleLibRuntimeToJarDebug UP-TO-DATE
> Task :react-native-masked-view_masked-view:processDebugJavaRes NO-SOURCE
> Task :react-native-masked-view_masked-view:bundleLibRuntimeToDirDebug UP-TO-DATE
> Task :app:checkDebugDuplicateClasses UP-TO-DATE
> Task :react-native-masked-view_masked-view:mergeDebugJniLibFolders UP-TO-DATE
> Task :react-native-masked-view_masked-view:mergeDebugNativeLibs NO-SOURCE
> Task :react-native-masked-view_masked-view:copyDebugJniLibsProjectOnly UP-TO-DATE
> Task :react-native-safe-area-context:compileDebugKotlin UP-TO-DATE
> Task :react-native-safe-area-context:javaPreCompileDebug UP-TO-DATE
> Task :app:mergeExtDexDebug UP-TO-DATE
> Task :app:mergeDebugJniLibFolders UP-TO-DATE
> Task :app:validateSigningDebug UP-TO-DATE
> Task :app:writeDebugAppMetadata UP-TO-DATE
> Task :app:writeDebugSigningConfigVersions UP-TO-DATE
> Task :react-native-safe-area-context:compileDebugJavaWithJavac UP-TO-DATE
> Task :react-native-safe-area-context:bundleLibCompileToJarDebug UP-TO-DATE
> Task :react-native-safe-area-context:mergeDebugShaders UP-TO-DATE
> Task :react-native-safe-area-context:compileDebugShaders NO-SOURCE
> Task :react-native-safe-area-context:generateDebugAssets UP-TO-DATE
> Task :react-native-safe-area-context:mergeDebugAssets UP-TO-DATE
> Task :react-native-safe-area-context:bundleLibRuntimeToJarDebug UP-TO-DATE
> Task :react-native-screens:compileDebugKotlin UP-TO-DATE
> Task :react-native-screens:javaPreCompileDebug UP-TO-DATE
> Task :react-native-safe-area-context:processDebugJavaRes UP-TO-DATE
> Task :react-native-safe-area-context:bundleLibRuntimeToDirDebug UP-TO-DATE
> Task :react-native-safe-area-context:mergeDebugJniLibFolders UP-TO-DATE
> Task :react-native-safe-area-context:mergeDebugNativeLibs NO-SOURCE
> Task :react-native-safe-area-context:copyDebugJniLibsProjectOnly UP-TO-DATE
> Task :react-native-screens:compileDebugJavaWithJavac UP-TO-DATE
> Task :react-native-screens:bundleLibCompileToJarDebug UP-TO-DATE
> Task :react-native-screens:mergeDebugShaders UP-TO-DATE
> Task :react-native-screens:compileDebugShaders NO-SOURCE
> Task :react-native-screens:generateDebugAssets UP-TO-DATE
> Task :react-native-screens:mergeDebugAssets UP-TO-DATE
> Task :react-native-screens:bundleLibRuntimeToJarDebug UP-TO-DATE
> Task :react-native-screens:processDebugJavaRes UP-TO-DATE
> Task :react-native-screens:bundleLibRuntimeToDirDebug UP-TO-DATE
> Task :react-native-screens:configureCMakeDebug[arm64-v8a]
> Task :react-native-worklets:assertMinimalReactNativeVersionTask
> Task :react-native-reanimated:assertMinimalReactNativeVersionTask
> Task :react-native-worklets:generateCodegenSchemaFromJavaScript UP-TO-DATE
> Task :react-native-worklets:generateCodegenArtifactsFromSchema UP-TO-DATE
> Task :react-native-worklets:prepareWorkletsHeadersForPrefabs UP-TO-DATE
> Task :react-native-worklets:preBuild
> Task :react-native-worklets:preDebugBuild
> Task :react-native-worklets:writeDebugAarMetadata UP-TO-DATE
> Task :react-native-worklets:generateDebugResValues UP-TO-DATE
> Task :react-native-worklets:generateDebugResources UP-TO-DATE
> Task :react-native-worklets:packageDebugResources UP-TO-DATE
> Task :react-native-worklets:extractDeepLinksDebug UP-TO-DATE
> Task :react-native-worklets:processDebugManifest UP-TO-DATE
> Task :react-native-worklets:compileDebugLibraryResources UP-TO-DATE
> Task :react-native-worklets:parseDebugLocalResources UP-TO-DATE
> Task :react-native-worklets:generateDebugRFile UP-TO-DATE
> Task :react-native-worklets:checkKotlinGradlePluginConfigurationErrors SKIPPED
> Task :react-native-worklets:generateDebugBuildConfig UP-TO-DATE
> Task :react-native-worklets:compileDebugKotlin UP-TO-DATE
> Task :react-native-worklets:javaPreCompileDebug UP-TO-DATE
> Task :react-native-worklets:compileDebugJavaWithJavac UP-TO-DATE
> Task :react-native-worklets:bundleLibCompileToJarDebug UP-TO-DATE
> Task :react-native-worklets:mergeDebugShaders UP-TO-DATE
> Task :react-native-worklets:compileDebugShaders NO-SOURCE
> Task :react-native-worklets:generateDebugAssets UP-TO-DATE
> Task :react-native-worklets:mergeDebugAssets UP-TO-DATE
> Task :react-native-worklets:bundleLibRuntimeToJarDebug UP-TO-DATE
> Task :react-native-worklets:processDebugJavaRes UP-TO-DATE
> Task :react-native-worklets:bundleLibRuntimeToDirDebug UP-TO-DATE
> Task :react-native-screens:buildCMakeDebug[arm64-v8a]
> Task :react-native-screens:mergeDebugJniLibFolders UP-TO-DATE
> Task :react-native-screens:mergeDebugNativeLibs UP-TO-DATE
> Task :react-native-screens:copyDebugJniLibsProjectOnly UP-TO-DATE
> Task :react-native-reanimated:assertWorkletsVersionTask
> Task :react-native-reanimated:generateCodegenSchemaFromJavaScript UP-TO-DATE
> Task :react-native-reanimated:generateCodegenArtifactsFromSchema UP-TO-DATE
> Task :react-native-reanimated:prepareReanimatedHeadersForPrefabs UP-TO-DATE
> Task :react-native-reanimated:preBuild
> Task :react-native-reanimated:preDebugBuild
> Task :react-native-reanimated:writeDebugAarMetadata UP-TO-DATE
> Task :react-native-reanimated:generateDebugResValues UP-TO-DATE
> Task :react-native-reanimated:generateDebugResources UP-TO-DATE
> Task :react-native-reanimated:packageDebugResources UP-TO-DATE
> Task :react-native-reanimated:extractDeepLinksDebug UP-TO-DATE
> Task :react-native-reanimated:processDebugManifest UP-TO-DATE
> Task :react-native-reanimated:compileDebugLibraryResources UP-TO-DATE
> Task :react-native-reanimated:parseDebugLocalResources UP-TO-DATE
> Task :react-native-reanimated:generateDebugRFile UP-TO-DATE
> Task :react-native-reanimated:checkKotlinGradlePluginConfigurationErrors SKIPPED
> Task :react-native-reanimated:generateDebugBuildConfig UP-TO-DATE
> Task :expo-modules-core:compileDebugKotlin UP-TO-DATE
> Task :expo-modules-core:compileDebugJavaWithJavac UP-TO-DATE
> Task :expo-modules-core:bundleLibCompileToJarDebug UP-TO-DATE
> Task :expo-modules-core:bundleLibRuntimeToJarDebug UP-TO-DATE
> Task :react-native-reanimated:compileDebugKotlin UP-TO-DATE
> Task :react-native-reanimated:javaPreCompileDebug UP-TO-DATE
> Task :expo-modules-core:processDebugJavaRes UP-TO-DATE
> Task :react-native-reanimated:compileDebugJavaWithJavac UP-TO-DATE
> Task :react-native-reanimated:bundleLibCompileToJarDebug UP-TO-DATE
> Task :react-native-reanimated:mergeDebugShaders UP-TO-DATE
> Task :react-native-reanimated:compileDebugShaders NO-SOURCE
> Task :react-native-reanimated:generateDebugAssets UP-TO-DATE
> Task :react-native-reanimated:mergeDebugAssets UP-TO-DATE
> Task :react-native-reanimated:bundleLibRuntimeToJarDebug UP-TO-DATE
> Task :expo-log-box:compileDebugKotlin UP-TO-DATE
> Task :expo-constants:createExpoConfig
> Task :expo-log-box:compileDebugJavaWithJavac UP-TO-DATE
> Task :expo-constants:preBuild
> Task :expo-constants:preDebugBuild
> Task :expo-modules-core:bundleLibRuntimeToDirDebug UP-TO-DATE
> Task :expo-constants:writeDebugAarMetadata UP-TO-DATE
> Task :expo-log-box:bundleLibCompileToJarDebug UP-TO-DATE
> Task :expo-constants:generateDebugResValues UP-TO-DATE
> Task :expo-log-box:bundleLibRuntimeToJarDebug UP-TO-DATE
> Task :react-native-reanimated:processDebugJavaRes UP-TO-DATE
> Task :expo-constants:generateDebugResources UP-TO-DATE
> Task :expo-log-box:processDebugJavaRes UP-TO-DATE
> Task :react-native-reanimated:bundleLibRuntimeToDirDebug UP-TO-DATE
> Task :expo-log-box:bundleLibRuntimeToDirDebug UP-TO-DATE
> Task :app:checkDebugAarMetadata UP-TO-DATE
> Task :expo-constants:packageDebugResources UP-TO-DATE
> Task :react-native-reanimated:mergeDebugJniLibFolders UP-TO-DATE
> Task :expo-constants:extractDeepLinksDebug UP-TO-DATE
> Task :app:mapDebugSourceSetPaths UP-TO-DATE
> Task :expo-constants:processDebugManifest UP-TO-DATE
> Task :expo-constants:compileDebugLibraryResources UP-TO-DATE
> Task :expo-constants:parseDebugLocalResources UP-TO-DATE
> Task :app:mergeDebugResources UP-TO-DATE
> Task :expo-constants:generateDebugRFile UP-TO-DATE
> Task :expo-constants:checkKotlinGradlePluginConfigurationErrors SKIPPED
> Task :react-native-gesture-handler:compileDebugKotlin UP-TO-DATE
> Task :expo-constants:generateDebugBuildConfig UP-TO-DATE
> Task :app:processDebugMainManifest UP-TO-DATE
> Task :app:expoDebugOverrideMaxSdkConflicts UP-TO-DATE
> Task :app:processDebugManifest UP-TO-DATE
> Task :react-native-gesture-handler:compileDebugJavaWithJavac UP-TO-DATE
> Task :app:processDebugManifestForPackage UP-TO-DATE
> Task :react-native-gesture-handler:bundleLibCompileToJarDebug UP-TO-DATE
> Task :react-native-gesture-handler:bundleLibRuntimeToJarDebug UP-TO-DATE
> Task :react-native-gesture-handler:processDebugJavaRes UP-TO-DATE
> Task :react-native-gesture-handler:bundleLibRuntimeToDirDebug UP-TO-DATE
> Task :expo-constants:compileDebugKotlin UP-TO-DATE
> Task :expo-constants:javaPreCompileDebug UP-TO-DATE
> Task :app:processDebugResources UP-TO-DATE
> Task :expo-constants:compileDebugJavaWithJavac UP-TO-DATE
> Task :expo-constants:bundleLibCompileToJarDebug UP-TO-DATE
> Task :expo-constants:mergeDebugShaders UP-TO-DATE
> Task :expo-constants:compileDebugShaders NO-SOURCE
> Task :expo-constants:generateDebugAssets UP-TO-DATE
> Task :expo-constants:mergeDebugAssets UP-TO-DATE
> Task :expo-constants:bundleLibRuntimeToJarDebug UP-TO-DATE
> Task :app:mergeDebugAssets UP-TO-DATE
> Task :app:compressDebugAssets UP-TO-DATE
> Task :expo-constants:processDebugJavaRes UP-TO-DATE
> Task :expo-constants:bundleLibRuntimeToDirDebug UP-TO-DATE
> Task :expo-constants:mergeDebugJniLibFolders UP-TO-DATE
> Task :expo-constants:mergeDebugNativeLibs NO-SOURCE
> Task :expo-constants:copyDebugJniLibsProjectOnly UP-TO-DATE
> Task :expo:compileDebugKotlin UP-TO-DATE
> Task :expo:compileDebugJavaWithJavac UP-TO-DATE
> Task :expo:bundleLibCompileToJarDebug UP-TO-DATE
> Task :expo:bundleLibRuntimeToJarDebug UP-TO-DATE
> Task :expo:processDebugJavaRes UP-TO-DATE
> Task :expo:bundleLibRuntimeToDirDebug UP-TO-DATE
> Task :app:compileDebugKotlin UP-TO-DATE
> Task :app:compileDebugJavaWithJavac UP-TO-DATE
> Task :app:dexBuilderDebug UP-TO-DATE
> Task :app:mergeDebugGlobalSynthetics UP-TO-DATE
> Task :app:processDebugJavaRes UP-TO-DATE
> Task :app:mergeDebugJavaResource UP-TO-DATE
> Task :app:mergeLibDexDebug UP-TO-DATE
> Task :app:mergeProjectDexDebug UP-TO-DATE
> Task :react-native-worklets:configureCMakeDebug[arm64-v8a]
> Task :react-native-worklets:buildCMakeDebug[arm64-v8a][worklets]
> Task :react-native-worklets:externalNativeBuildDebug
> Task :react-native-worklets:generateJsonModelDebug
> Task :react-native-worklets:prefabDebugConfigurePackage
> Task :react-native-worklets:prefabDebugPackage UP-TO-DATE
> Task :react-native-worklets:mergeDebugJniLibFolders UP-TO-DATE
> Task :react-native-worklets:mergeDebugNativeLibs UP-TO-DATE
> Task :react-native-worklets:copyDebugJniLibsProjectOnly UP-TO-DATE
> Task :expo-modules-core:configureCMakeDebug[arm64-v8a]
> Task :react-native-reanimated:configureCMakeDebug[arm64-v8a]
> Task :react-native-reanimated:generateJsonModelDebug
> Task :react-native-reanimated:prefabDebugConfigurePackage UP-TO-DATE
> Task :expo-modules-core:buildCMakeDebug[arm64-v8a]
> Task :expo-modules-core:mergeDebugNativeLibs UP-TO-DATE
> Task :expo-modules-core:copyDebugJniLibsProjectOnly UP-TO-DATE
> Task :react-native-reanimated:buildCMakeDebug[arm64-v8a][reanimated]
> Task :react-native-reanimated:externalNativeBuildDebug
> Task :react-native-reanimated:prefabDebugPackage UP-TO-DATE
> Task :react-native-reanimated:mergeDebugNativeLibs UP-TO-DATE
> Task :react-native-reanimated:copyDebugJniLibsProjectOnly UP-TO-DATE
> Task :react-native-gesture-handler:configureCMakeDebug[arm64-v8a]
> Task :react-native-gesture-handler:buildCMakeDebug[arm64-v8a]
> Task :react-native-gesture-handler:mergeDebugNativeLibs UP-TO-DATE
> Task :react-native-gesture-handler:copyDebugJniLibsProjectOnly UP-TO-DATE
> Task :app:configureCMakeDebug[arm64-v8a]
> Task :app:buildCMakeDebug[arm64-v8a]
> Task :app:mergeDebugNativeLibs UP-TO-DATE
> Task :app:stripDebugDebugSymbols UP-TO-DATE
> Task :app:packageDebug UP-TO-DATE
> Task :app:createDebugApkListingFileRedirect UP-TO-DATE
> Task :app:assembleDebug UP-TO-DATE

[Incubating] Problems report is available at: file:///C:/Users/winne/Desktop/daeun/fishlog/fishlog_fe/android/build/reports/problems/problems-report.html

Deprecated Gradle features were used in this build, making it incompatible with Gradle 10.

You can use '--warning-mode all' to show the individual deprecation warnings and determine if they come from your own scripts or plugins.

For more on this, please refer to https://docs.gradle.org/9.3.1/userguide/command_line_interface.html#sec:command_line_warnings in the Gradle documentation.

BUILD SUCCESSFUL in 17s
317 actionable tasks: 19 executed, 298 up-to-date

C:\Users\winne\Desktop\daeun\fishlog\fishlog_fe\android>if 0 EQU 0 goto mainEnd 

C:\Users\winne\Desktop\daeun\fishlog\fishlog_fe\android>if "Windows_NT" == "Windows_NT" endlocal
Using src/app as the root directory for Expo Router.
React Compiler enabled
Starting Metro Bundler

Waiting on http://localhost:8081
› Installing C:\Users\winne\Desktop\daeun\fishlog\fishlog_fe\android\app\build\outputs\apk\debug\app-debug.apk
› Opening fishlogfe://expo-development-client/?url=http%3A%2F%2F172.20.10.3%3A8081 on SM_A165N

› Logs for your project will appear below.
Android Bundled 16240ms node_modules\expo-router\entry.js (1915 modules)
Android Bundled 62ms src\features\profile\api.ts (1 module)
 WARN  [Layout children]: Too many screens defined. Route "profile" is extraneous.
 ERROR  [Error: [Refresh] Expected to find the updated module.] 

Code: require.js
[0m [90m 378 |[39m             [36mconst[39m updatedMod [33m=[39m modules[33m.[39m[36mget[39m(updatedID)[33m;[39m
 [90m 379 |[39m             [36mif[39m (updatedMod [33m==[39m [36mnull[39m) {
[31m[1m>[22m[39m[90m 380 |[39m                 [36mthrow[39m [36mnew[39m [33mError[39m([32m'[Refresh] Expected to find the updated module.'[39m)[33m;[39m
 [90m     |[39m                                [31m[1m^[22m[39m
 [90m 381 |[39m             }
 [90m 382 |[39m             [36mconst[39m prevExports [33m=[39m updatedMod[33m.[39mpublicModule[33m.[39mexports[33m;[39m
 [90m 383 |[39m             [36mconst[39m didError [33m=[39m runUpdatedModule(updatedID[33m,[39m updatedID [33m===[39m id [33m?[39m factory [33m:[39m undefined[33m,[39m updatedID [33m===[39m id [33m?[39m dependencyMap [33m:[39m undefined)[33m;[39m[0m
Call Stack
  metroHotUpdateModule (node_modules\expo\node_modules\@expo\cli\build\metro-require\require.js:380:32)
  define (node_modules\expo\node_modules\@expo\cli\build\metro-require\require.js:28:32)
  eval (http:\localhost:8081\src\features\profile\api.bundle)
  inject (node_modules\metro-runtime\src\modules\HMRClient.js:9:9)
  forEach (<native>)
  injectUpdate (node_modules\metro-runtime\src\modules\HMRClient.js:13:23)
  on$argument_1 (node_modules\metro-runtime\src\modules\HMRClient.js:68:21)
  call (<native>)
  emit (node_modules\metro-runtime\src\modules\vendor\eventemitter3.js:104:31)
  _ws.onmessage (node_modules\metro-runtime\src\modules\HMRClient.js:51:20)
  invoke (node_modules\react-native\src\private\webapis\dom\events\EventTarget.js:424:29)
  dispatch (node_modules\react-native\src\private\webapis\dom\events\EventTarget.js:310:11)
  dispatchEvent (node_modules\react-native\src\private\webapis\dom\events\EventTarget.js:209:13)
  _eventEmitter.addListener$argument_1 (node_modules\react-native\Libraries\WebSocket\WebSocket.js:248:27)
  apply (<native>)
  emit (node_modules\react-native\Libraries\vendor\emitter\EventEmitter.js:137:36)
  apply (<native>)
  RCTDeviceEventEmitterImpl#emit (node_modules\react-native\Libraries\EventEmitter\RCTDeviceEventEmitter.js:34:17)
 ERROR  [Error: Requiring unknown module "1920". If you are sure the module exists, try restarting Metro. You may also want to run `yarn` or `npm install`.] 

Code: index.tsx
[0m [90m  5 |[39m [36mimport[39m { [33mAppDialog[39m[33m,[39m [33mScreen[39m[33m,[39m [33mScreenHeader[39m[33m,[39m [33mSettingsListItem[39m } [36mfrom[39m [32m'@/components/common'[39m[33m;[39m
 [90m  6 |[39m [36mimport[39m { [33mBrand[39m[33m,[39m [33mComponents[39m[33m,[39m [33mLayout[39m[33m,[39m [33mTypography[39m } [36mfrom[39m [32m'@/constants/theme'[39m[33m;[39m
[31m[1m>[22m[39m[90m  7 |[39m [36mimport[39m { accountApi } [36mfrom[39m [32m'@/features/account'[39m[33m;[39m
 [90m    |[39m [31m[1m^[22m[39m
 [90m  8 |[39m [36mimport[39m { useAuth } [36mfrom[39m [32m'@/features/auth'[39m[33m;[39m
 [90m  9 |[39m [36mimport[39m {
 [90m 10 |[39m   profileApi[33m,[39m[0m
Call Stack
  <global> (src\app\(tabs)\profile\index.tsx:7)
 ERROR  [Error: Requiring unknown module "1922". If you are sure the module exists, try restarting Metro. You may also want to run `yarn` or `npm install`.] 

Code: index.ts
[0m [90m 1 |[39m [36mexport[39m [33m*[39m [36mas[39m profileApi [36mfrom[39m [32m'./api'[39m[33m;[39m
[31m[1m>[22m[39m[90m 2 |[39m [36mexport[39m { [33mProfileHeader[39m } [36mfrom[39m [32m'./components/profile-header'[39m[33m;[39m
 [90m   |[39m [31m[1m^[22m[39m
 [90m 3 |[39m [36mexport[39m { [33mProfileQuickMenu[39m } [36mfrom[39m [32m'./components/profile-quick-menu'[39m[33m;[39m
 [90m 4 |[39m [36mexport[39m { [33mWithdrawDialog[39m } [36mfrom[39m [32m'./components/withdraw-dialog'[39m[33m;[39m
 [90m 5 |[39m [36mexport[39m { useProfileImageUpload } [36mfrom[39m [32m'./use-profile-image-upload'[39m[33m;[39m[0m
Call Stack
  <global> (src\features\profile\index.ts:2)
  <global> (src\app\(tabs)\ranking\index.tsx:14)
 ERROR  [Error: [Refresh] Expected to find the updated module.] 

Code: require.js
[0m [90m 378 |[39m             [36mconst[39m updatedMod [33m=[39m modules[33m.[39m[36mget[39m(updatedID)[33m;[39m
 [90m 379 |[39m             [36mif[39m (updatedMod [33m==[39m [36mnull[39m) {
[31m[1m>[22m[39m[90m 380 |[39m                 [36mthrow[39m [36mnew[39m [33mError[39m([32m'[Refresh] Expected to find the updated module.'[39m)[33m;[39m
 [90m     |[39m                                [31m[1m^[22m[39m
 [90m 381 |[39m             }
 [90m 382 |[39m             [36mconst[39m prevExports [33m=[39m updatedMod[33m.[39mpublicModule[33m.[39mexports[33m;[39m
 [90m 383 |[39m             [36mconst[39m didError [33m=[39m runUpdatedModule(updatedID[33m,[39m updatedID [33m===[39m id [33m?[39m factory [33m:[39m undefined[33m,[39m updatedID [33m===[39m id [33m?[39m dependencyMap [33m:[39m undefined)[33m;[39m[0m
Call Stack
  metroHotUpdateModule (node_modules\expo\node_modules\@expo\cli\build\metro-require\require.js:380:32)
  define (node_modules\expo\node_modules\@expo\cli\build\metro-require\require.js:28:32)
  eval (http:\localhost:8081\src\constants\components.bundle)
  inject (node_modules\metro-runtime\src\modules\HMRClient.js:9:9)
  forEach (<native>)
  injectUpdate (node_modules\metro-runtime\src\modules\HMRClient.js:14:26)
  on$argument_1 (node_modules\metro-runtime\src\modules\HMRClient.js:68:21)
  call (<native>)
  emit (node_modules\metro-runtime\src\modules\vendor\eventemitter3.js:104:31)
  _ws.onmessage (node_modules\metro-runtime\src\modules\HMRClient.js:51:20)
  invoke (node_modules\react-native\src\private\webapis\dom\events\EventTarget.js:424:29)
  dispatch (node_modules\react-native\src\private\webapis\dom\events\EventTarget.js:310:11)
  dispatchEvent (node_modules\react-native\src\private\webapis\dom\events\EventTarget.js:209:13)
  _eventEmitter.addListener$argument_1 (node_modules\react-native\Libraries\WebSocket\WebSocket.js:248:27)
  apply (<native>)
  emit (node_modules\react-native\Libraries\vendor\emitter\EventEmitter.js:137:36)
  apply (<native>)
  RCTDeviceEventEmitterImpl#emit (node_modules\react-native\Libraries\EventEmitter\RCTDeviceEventEmitter.js:34:17)
 ERROR  [Error: [Refresh] Expected to find the updated module.] 

Code: require.js
[0m [90m 378 |[39m             [36mconst[39m updatedMod [33m=[39m modules[33m.[39m[36mget[39m(updatedID)[33m;[39m
 [90m 379 |[39m             [36mif[39m (updatedMod [33m==[39m [36mnull[39m) {
[31m[1m>[22m[39m[90m 380 |[39m                 [36mthrow[39m [36mnew[39m [33mError[39m([32m'[Refresh] Expected to find the updated module.'[39m)[33m;[39m
 [90m     |[39m                                [31m[1m^[22m[39m
 [90m 381 |[39m             }
 [90m 382 |[39m             [36mconst[39m prevExports [33m=[39m updatedMod[33m.[39mpublicModule[33m.[39mexports[33m;[39m
 [90m 383 |[39m             [36mconst[39m didError [33m=[39m runUpdatedModule(updatedID[33m,[39m updatedID [33m===[39m id [33m?[39m factory [33m:[39m undefined[33m,[39m updatedID [33m===[39m id [33m?[39m dependencyMap [33m:[39m undefined)[33m;[39m[0m
Call Stack
  metroHotUpdateModule (node_modules\expo\node_modules\@expo\cli\build\metro-require\require.js:380:32)
  define (node_modules\expo\node_modules\@expo\cli\build\metro-require\require.js:28:32)
  eval (http:\localhost:8081\src\features\auth\api.bundle)
  inject (node_modules\metro-runtime\src\modules\HMRClient.js:9:9)
  forEach (<native>)
  injectUpdate (node_modules\metro-runtime\src\modules\HMRClient.js:14:26)
  on$argument_1 (node_modules\metro-runtime\src\modules\HMRClient.js:68:21)
  call (<native>)
  emit (node_modules\metro-runtime\src\modules\vendor\eventemitter3.js:104:31)
  _ws.onmessage (node_modules\metro-runtime\src\modules\HMRClient.js:51:20)
  invoke (node_modules\react-native\src\private\webapis\dom\events\EventTarget.js:424:29)
  dispatch (node_modules\react-native\src\private\webapis\dom\events\EventTarget.js:310:11)
  dispatchEvent (node_modules\react-native\src\private\webapis\dom\events\EventTarget.js:209:13)
  _eventEmitter.addListener$argument_1 (node_modules\react-native\Libraries\WebSocket\WebSocket.js:248:27)
  apply (<native>)
  emit (node_modules\react-native\Libraries\vendor\emitter\EventEmitter.js:137:36)
  apply (<native>)
  RCTDeviceEventEmitterImpl#emit (node_modules\react-native\Libraries\EventEmitter\RCTDeviceEventEmitter.js:34:17)
 ERROR  [Error: useAuth must be used within <AuthProvider>] 

Code: api.ts
[0m [90m 141 |[39m [36mexport[39m [36masync[39m [36mfunction[39m logout(token[33m:[39m string [33m|[39m [36mnull[39m)[33m:[39m [33mPromise[39m[33m<[39m[36mvoid[39m[33m>[39m {
 [90m 142 |[39m   [36mtry[39m {
[31m[1m>[22m[39m[90m 143 |[39m     [36mawait[39m apiRequest([32m'/api/auth/logout'[39m[33m,[39m { method[33m:[39m [32m'POST'[39m[33m,[39m token })[33m;[39m
 [90m     |[39m                                                            [31m[1m^[22m[39m
 [90m 144 |[39m   } [36mcatch[39m {
 [90m 145 |[39m     [90m// 무시 — 로컬 세션 삭제는 호출부에서 어차피 수행한다[39m
 [90m 146 |[39m   }[0m
Call Stack
  logout (src\features\auth\api.ts:143:60)
  <global> (src\app\auth\_layout.tsx:9:2) 

Code: login.tsx
[0m [90m  7 |[39m [36mimport[39m { authApi[33m,[39m useAuth } [36mfrom[39m [32m'@/features/auth'[39m[33m;[39m
 [90m  8 |[39m
[31m[1m>[22m[39m[90m  9 |[39m [36mconst[39m [33mLOGIN[39m [33m=[39m [33mComponents[39m[33m.[39mauthLogin[33m;[39m
 [90m    |[39m                          [31m[1m^[22m[39m
 [90m 10 |[39m
 [90m 11 |[39m [90m/**[39m
 [90m 12 |[39m [90m * 로그인 화면 (Figma 634:2544).[39m[0m
Call Stack
  <global> (src\app\auth\login.tsx:9:26)
